// Jest Snapshot v1, https://goo.gl/fbAQLP

exports[`<App /> should render correctly tab 3 1`] = `
<div
  data-tabs="tab-panel"
>
  <h2>
    Any content 1
  </h2>
</div>
`;
